 
****************************************
Report : qor
Design : top
Version: S-2021.06-SP5-1
Date   : Fri Aug 15 19:46:40 2025
****************************************


  Timing Path Group 'clk'
  -----------------------------------
  Levels of Logic:              28.00
  Critical Path Length:          1.46
  Critical Path Slack:           0.00
  Critical Path Clk Period:      1.56
  Total Negative Slack:          0.00
  No. of Violating Paths:        0.00
  Worst Hold Violation:         -0.01
  Total Hold Violation:         -2.84
  No. of Hold Violations:      604.00
  -----------------------------------


  Cell Count
  -----------------------------------
  Hierarchical Cell Count:          0
  Hierarchical Port Count:          0
  Leaf Cell Count:              67391
  Buf/Inv Cell Count:            6848
  Buf Cell Count:                 409
  Inv Cell Count:                6439
  CT Buf/Inv Cell Count:            0
  Combinational Cell Count:     58935
  Sequential Cell Count:         8456
  Macro Count:                      0
  -----------------------------------


  Area
  -----------------------------------
  Combinational Area:   100902.047177
  Noncombinational Area: 45027.417457
  Buf/Inv Area:           3798.214025
  Total Buffer Area:           349.52
  Total Inverter Area:        3448.69
  Macro/Black Box Area:      0.000000
  Net Area:                  0.000000
  -----------------------------------
  Cell Area:            145929.464634
  Design Area:          145929.464634


  Design Rules
  -----------------------------------
  Total Number of Nets:         83953
  Nets With Violations:             0
  Max Trans Violations:             0
  Max Cap Violations:               0
  -----------------------------------


  Hostname: nc-csuaf4-l01.apporto.com

  Compile CPU Statistics
  -----------------------------------------
  Resource Sharing:                   21.50
  Logic Optimization:                 46.75
  Mapping Optimization:              206.75
  -----------------------------------------
  Overall Compile Time:              466.65
  Overall Compile Wall Clock Time:   470.72

  --------------------------------------------------------------------

  Design  WNS: 0.00  TNS: 0.00  Number of Violating Paths: 0


  Design (Hold)  WNS: 0.01  TNS: 2.84  Number of Violating Paths: 604

  --------------------------------------------------------------------


1
 
****************************************
Report : power
        -analysis_effort low
Design : top
Version: S-2021.06-SP5-1
Date   : Fri Aug 15 19:46:41 2025
****************************************


Library(s) Used:

    NangateOpenCellLibrary (File: /home/c11879_csufresno/Documents/SIMAX/lib/CCS/NangateOpenCellLibrary.db)


Operating Conditions: fast   Library: NangateOpenCellLibrary
Wire Load Model Mode: top

Design        Wire Load Model            Library
------------------------------------------------
top                    5K_hvratio_1_1    NangateOpenCellLibrary


Global Operating Voltage = 1.25 
Power-specific unit information :
    Voltage Units = 1V
    Capacitance Units = 1.000000ff
    Time Units = 1ns
    Dynamic Power Units = 1uW    (derived from V,C,T units)
    Leakage Power Units = 1nW


  Cell Internal Power  =  52.0162 mW   (95%)
  Net Switching Power  =   2.5097 mW    (5%)
                         ---------
Total Dynamic Power    =  54.5259 mW  (100%)

Cell Leakage Power     =   9.2398 mW


                 Internal         Switching           Leakage            Total
Power Group      Power            Power               Power              Power   (   %    )  Attrs
--------------------------------------------------------------------------------------------------
io_pad             0.0000            0.0000            0.0000            0.0000  (   0.00%)
memory             0.0000            0.0000            0.0000            0.0000  (   0.00%)
black_box          0.0000            0.0000            0.0000            0.0000  (   0.00%)
clock_network      0.0000            0.0000            0.0000            0.0000  (   0.00%)
register       5.1095e+04          795.8373        2.3373e+06        5.4228e+04  (  85.04%)
sequential         0.0000            0.0000            0.0000            0.0000  (   0.00%)
combinational    921.2265        1.7139e+03        6.9025e+06        9.5375e+03  (  14.96%)
--------------------------------------------------------------------------------------------------
Total          5.2017e+04 uW     2.5097e+03 uW     9.2398e+06 nW     6.3766e+04 uW
1
